Initialized native services in: C:\Users\Admin\.gradle\native
Initialized jansi services in: C:\Users\Admin\.gradle\native
Found daemon DaemonInfo{pid=14332, address=[c50b896a-0da6-4d53-a717-9da3e1091c9d port:55124, addresses:[/127.0.0.1]], state=Idle, lastBusy=1775387188001, context=DefaultDaemonContext[uid=499e1fad-24c3-4acf-91a4-3c850eeb90df,javaHome=C:\Program Files\Android\Android Studio1\jbr,javaVersion=21,javaVendor=JetBrains s.r.o.,daemonRegistryDir=C:\Users\Admin\.gradle\daemon,pid=14332,idleTimeout=10800000,priority=NORMAL,applyInstrumentationAgent=true,nativeServicesMode=ENABLED,daemonOpts=-Xmx2048m,-Dfile.encoding=UTF-8,-Duser.country=US,-Duser.language=en,-Duser.variant]} however its context does not match the desired criteria.
JVM is incompatible.
Wanted: DaemonRequestContext{jvmCriteria=C:\Program Files\Java\jdk-17 (no JDK specified, using current Java home), daemonOpts=[-Xmx2048m, -Dfile.encoding=UTF-8, -Duser.country=US, -Duser.language=en, -Duser.variant], applyInstrumentationAgent=true, nativeServicesMode=ENABLED, priority=NORMAL}
Actual: DefaultDaemonContext[uid=499e1fad-24c3-4acf-91a4-3c850eeb90df,javaHome=C:\Program Files\Android\Android Studio1\jbr,javaVersion=21,javaVendor=JetBrains s.r.o.,daemonRegistryDir=C:\Users\Admin\.gradle\daemon,pid=14332,idleTimeout=10800000,priority=NORMAL,applyInstrumentationAgent=true,nativeServicesMode=ENABLED,daemonOpts=-Xmx2048m,-Dfile.encoding=UTF-8,-Duser.country=US,-Duser.language=en,-Duser.variant]

  Looking for a different daemon...
The client will now receive all logging from the daemon (pid: 13052). The daemon log file: C:\Users\Admin\.gradle\daemon\8.13\daemon-13052.out.log
Starting 3rd build in daemon [uptime: 3 mins 50.162 secs, performance: 100%, GC rate: 0.00/s, heap usage: 0% of 2 GiB]
Using 8 worker leases.
Now considering [D:\Money_Saving] as hierarchies to watch
Watching the file system is configured to be enabled if available
File system watching is active
Starting Build
Settings evaluated using settings file 'D:\Money_Saving\settings.gradle.kts'.
Projects loaded. Root project using build file 'D:\Money_Saving\build.gradle.kts'.
Included projects: [root project 'MoneyManagement', project ':app']

> Configure project :
Evaluating root project 'MoneyManagement' using build file 'D:\Money_Saving\build.gradle.kts'.
Resolved plugin [id: 'com.android.application', version: '8.13.0', apply: false]
Resolved plugin [id: 'org.jetbrains.kotlin.android', version: '2.0.21', apply: false]
Resolved plugin [id: 'com.google.devtools.ksp', version: '2.0.21-1.0.25', apply: false]
Resolved plugin [id: 'com.google.gms.google-services', version: '4.4.4', apply: false]

> Configure project :app
Evaluating project ':app' using build file 'D:\Money_Saving\app\build.gradle.kts'.
Resolved plugin [id: 'com.android.application']
Resolved plugin [id: 'org.jetbrains.kotlin.android']
Resolved plugin [id: 'com.google.devtools.ksp']
Resolved plugin [id: 'com.google.gms.google-services']
Using default execution profile
Using Kotlin Gradle Plugin gradle85 variant
All projects evaluated.
Task path ':app:assembleDebug' matched project ':app'
Task name matched 'assembleDebug'
Selected primary task 'assembleDebug' from project :app
Adding -Xuse-inline-scopes-numbers Kotlin compiler flag for task :app:compileDebugKotlin
Tasks to be executed: [task ':app:preBuild', task ':app:preDebugBuild', task ':app:mergeDebugNativeDebugMetadata', task ':app:checkKotlinGradlePluginConfigurationErrors', task ':app:dataBindingMergeDependencyArtifactsDebug', task ':app:generateDebugResValues', task ':app:generateDebugResources', task ':app:processDebugGoogleServices', task ':app:mergeDebugResources', task ':app:packageDebugResources', task ':app:processDebugNavigationResources', task ':app:parseDebugLocalResources', task ':app:dataBindingGenBaseClassesDebug', task ':app:checkDebugAarMetadata', task ':app:compileDebugNavigationResources', task ':app:mapDebugSourceSetPaths', task ':app:createDebugCompatibleScreenManifests', task ':app:extractDeepLinksDebug', task ':app:processDebugMainManifest', task ':app:processDebugManifest', task ':app:processDebugManifestForPackage', task ':app:processDebugResources', task ':app:kspDebugKotlin', task ':app:compileDebugKotlin', task ':app:javaPreCompileDebug', task ':app:compileDebugJavaWithJavac', task ':app:mergeDebugShaders', task ':app:compileDebugShaders', task ':app:generateDebugAssets', task ':app:mergeDebugAssets', task ':app:compressDebugAssets', task ':app:processDebugJavaRes', task ':app:mergeDebugJavaResource', task ':app:checkDebugDuplicateClasses', task ':app:desugarDebugFileDependencies', task ':app:mergeExtDexDebug', task ':app:mergeLibDexDebug', task ':app:dexBuilderDebug', task ':app:mergeProjectDexDebug', task ':app:mergeDebugJniLibFolders', task ':app:mergeDebugNativeLibs', task ':app:stripDebugDebugSymbols', task ':app:validateSigningDebug', task ':app:writeDebugAppMetadata', task ':app:writeDebugSigningConfigVersions', task ':app:packageDebug', task ':app:createDebugApkListingFileRedirect', task ':app:assembleDebug']
Tasks that were excluded: []
Resolve mutations for :app:preBuild (Thread[Execution worker Thread 3,5,main]) started.
:app:preBuild (Thread[Execution worker Thread 3,5,main]) started.

> Task :app:preBuild UP-TO-DATE
Skipping task ':app:preBuild' as it has no actions.
Resolve mutations for :app:preDebugBuild (Thread[included builds,5,main]) started.
:app:preDebugBuild (Thread[included builds,5,main]) started.

> Task :app:preDebugBuild UP-TO-DATE
Skipping task ':app:preDebugBuild' as it has no actions.
Resolve mutations for :app:mergeDebugNativeDebugMetadata (Thread[included builds,5,main]) started.
:app:mergeDebugNativeDebugMetadata (Thread[included builds,5,main]) started.

> Task :app:mergeDebugNativeDebugMetadata NO-SOURCE
Skipping task ':app:mergeDebugNativeDebugMetadata' as it has no source files and no previous output files.
Resolve mutations for :app:checkKotlinGradlePluginConfigurationErrors (Thread[Execution worker Thread 3,5,main]) started.
:app:checkKotlinGradlePluginConfigurationErrors (Thread[Execution worker Thread 3,5,main]) started.

> Task :app:checkKotlinGradlePluginConfigurationErrors SKIPPED
Skipping task ':app:checkKotlinGradlePluginConfigurationErrors' as task onlyIf 'errorDiagnostics are present' is false.
Resolve mutations for :app:dataBindingMergeDependencyArtifactsDebug (Thread[included builds,5,main]) started.
:app:dataBindingMergeDependencyArtifactsDebug (Thread[included builds,5,main]) started.

> Task :app:dataBindingMergeDependencyArtifactsDebug UP-TO-DATE
Registered task dependencies: app:debugCompileClasspath
Skipping misunderstood TO dep string: org.jetbrains.kotlin:kotlin-stdlib
Skipping misunderstood TO dep string: org.jetbrains.kotlin:kotlin-stdlib
Skipping misunderstood TO dep string: org.jetbrains.kotlin:kotlin-stdlib
Skipping misunderstood TO dep string: org.jetbrains.kotlin:kotlin-stdlib
Skipping misunderstood TO dep string: org.jetbrains.kotlin:kotlin-stdlib
Skipping misunderstood TO dep string: org.jetbrains.kotlin:kotlin-stdlib
Skipping misunderstood TO dep string: org.jetbrains.kotlin:kotlin-stdlib
Skipping misunderstood TO dep string: org.jetbrains.kotlin:kotlin-stdlib
Skipping misunderstood TO dep string: org.jetbrains.kotlin:kotlin-stdlib
Skipping misunderstood TO dep string: com.google.firebase:firebase-analytics
Skipping misunderstood TO dep string: com.google.firebase:firebase-config
Starting dependency analysis
Caching disabled for task ':app:dataBindingMergeDependencyArtifactsDebug' because:
  Build cache is disabled
  Caching has been disabled for the task
Skipping task ':app:dataBindingMergeDependencyArtifactsDebug' as it is up-to-date.
Resolve mutations for :app:generateDebugResValues (Thread[Execution worker Thread 6,5,main]) started.
:app:generateDebugResValues (Thread[Execution worker Thread 6,5,main]) started.

> Task :app:generateDebugResValues UP-TO-DATE
Caching disabled for task ':app:generateDebugResValues' because:
  Build cache is disabled
Skipping task ':app:generateDebugResValues' as it is up-to-date.
Resolve mutations for :app:generateDebugResources (Thread[Execution worker Thread 6,5,main]) started.
:app:generateDebugResources (Thread[Execution worker Thread 6,5,main]) started.

> Task :app:generateDebugResources UP-TO-DATE
Caching disabled for task ':app:generateDebugResources' because:
  Build cache is disabled
Skipping task ':app:generateDebugResources' as it is up-to-date.
Resolve mutations for :app:processDebugGoogleServices (Thread[Execution worker Thread 6,5,main]) started.
:app:processDebugGoogleServices (Thread[included builds,5,main]) started.

> Task :app:processDebugGoogleServices UP-TO-DATE
Caching disabled for task ':app:processDebugGoogleServices' because:
  Build cache is disabled
Skipping task ':app:processDebugGoogleServices' as it is up-to-date.
Resolve mutations for :app:mergeDebugResources (Thread[Execution worker Thread 6,5,main]) started.
:app:mergeDebugResources (Thread[Execution worker Thread 6,5,main]) started.

> Task :app:mergeDebugResources UP-TO-DATE
Caching disabled for task ':app:mergeDebugResources' because:
  Build cache is disabled
Skipping task ':app:mergeDebugResources' as it is up-to-date.
Resolve mutations for :app:packageDebugResources (Thread[Execution worker Thread 6,5,main]) started.
:app:packageDebugResources (Thread[Execution worker Thread 6,5,main]) started.

> Task :app:packageDebugResources UP-TO-DATE
Caching disabled for task ':app:packageDebugResources' because:
  Build cache is disabled
Skipping task ':app:packageDebugResources' as it is up-to-date.
Resolve mutations for :app:processDebugNavigationResources (Thread[included builds,5,main]) started.
:app:processDebugNavigationResources (Thread[included builds,5,main]) started.

> Task :app:processDebugNavigationResources UP-TO-DATE
Caching disabled for task ':app:processDebugNavigationResources' because:
  Build cache is disabled
Skipping task ':app:processDebugNavigationResources' as it is up-to-date.
Resolve mutations for :app:parseDebugLocalResources (Thread[included builds,5,main]) started.
:app:parseDebugLocalResources (Thread[included builds,5,main]) started.

> Task :app:parseDebugLocalResources UP-TO-DATE
Caching disabled for task ':app:parseDebugLocalResources' because:
  Build cache is disabled
Skipping task ':app:parseDebugLocalResources' as it is up-to-date.
Resolve mutations for :app:dataBindingGenBaseClassesDebug (Thread[included builds,5,main]) started.
:app:dataBindingGenBaseClassesDebug (Thread[included builds,5,main]) started.

> Task :app:dataBindingGenBaseClassesDebug UP-TO-DATE
Caching disabled for task ':app:dataBindingGenBaseClassesDebug' because:
  Build cache is disabled
Skipping task ':app:dataBindingGenBaseClassesDebug' as it is up-to-date.
Resolve mutations for :app:checkDebugAarMetadata (Thread[included builds,5,main]) started.
:app:checkDebugAarMetadata (Thread[included builds,5,main]) started.

> Task :app:checkDebugAarMetadata UP-TO-DATE
Caching disabled for task ':app:checkDebugAarMetadata' because:
  Build cache is disabled
  Caching has been disabled for the task
Skipping task ':app:checkDebugAarMetadata' as it is up-to-date.
Resolve mutations for :app:compileDebugNavigationResources (Thread[included builds,5,main]) started.
:app:compileDebugNavigationResources (Thread[included builds,5,main]) started.

> Task :app:compileDebugNavigationResources UP-TO-DATE
Caching disabled for task ':app:compileDebugNavigationResources' because:
  Build cache is disabled
Skipping task ':app:compileDebugNavigationResources' as it is up-to-date.
Resolve mutations for :app:mapDebugSourceSetPaths (Thread[included builds,5,main]) started.
:app:mapDebugSourceSetPaths (Thread[included builds,5,main]) started.

> Task :app:mapDebugSourceSetPaths UP-TO-DATE
Caching disabled for task ':app:mapDebugSourceSetPaths' because:
  Build cache is disabled
  Caching has been disabled for the task
Skipping task ':app:mapDebugSourceSetPaths' as it is up-to-date.
Resolve mutations for :app:createDebugCompatibleScreenManifests (Thread[included builds,5,main]) started.
:app:createDebugCompatibleScreenManifests (Thread[included builds,5,main]) started.

> Task :app:createDebugCompatibleScreenManifests UP-TO-DATE
Caching disabled for task ':app:createDebugCompatibleScreenManifests' because:
  Build cache is disabled
  Caching has been disabled for the task
Skipping task ':app:createDebugCompatibleScreenManifests' as it is up-to-date.
Resolve mutations for :app:extractDeepLinksDebug (Thread[included builds,5,main]) started.
:app:extractDeepLinksDebug (Thread[included builds,5,main]) started.

> Task :app:extractDeepLinksDebug UP-TO-DATE
Caching disabled for task ':app:extractDeepLinksDebug' because:
  Build cache is disabled
Skipping task ':app:extractDeepLinksDebug' as it is up-to-date.
Resolve mutations for :app:processDebugMainManifest (Thread[Execution worker Thread 6,5,main]) started.
:app:processDebugMainManifest (Thread[Execution worker Thread 6,5,main]) started.

> Task :app:processDebugMainManifest UP-TO-DATE
Caching disabled for task ':app:processDebugMainManifest' because:
  Build cache is disabled
Skipping task ':app:processDebugMainManifest' as it is up-to-date.
Resolve mutations for :app:processDebugManifest (Thread[Execution worker Thread 6,5,main]) started.
:app:processDebugManifest (Thread[Execution worker Thread 6,5,main]) started.

> Task :app:processDebugManifest UP-TO-DATE
Caching disabled for task ':app:processDebugManifest' because:
  Build cache is disabled
Skipping task ':app:processDebugManifest' as it is up-to-date.
Resolve mutations for :app:processDebugManifestForPackage (Thread[Execution worker Thread 6,5,main]) started.
:app:processDebugManifestForPackage (Thread[Execution worker Thread 6,5,main]) started.

> Task :app:processDebugManifestForPackage UP-TO-DATE
Custom actions are attached to task ':app:processDebugManifestForPackage'.
Caching disabled for task ':app:processDebugManifestForPackage' because:
  Build cache is disabled
Skipping task ':app:processDebugManifestForPackage' as it is up-to-date.
Resolve mutations for :app:processDebugResources (Thread[Execution worker Thread 6,5,main]) started.
:app:processDebugResources (Thread[Execution worker Thread 6,5,main]) started.

> Task :app:processDebugResources UP-TO-DATE
Caching disabled for task ':app:processDebugResources' because:
  Build cache is disabled
Skipping task ':app:processDebugResources' as it is up-to-date.
Resolve mutations for :app:kspDebugKotlin (Thread[included builds,5,main]) started.
:app:kspDebugKotlin (Thread[included builds,5,main]) started.
Resolve mutations for :app:javaPreCompileDebug (Thread[Execution worker,5,main]) started.
:app:javaPreCompileDebug (Thread[Execution worker,5,main]) started.

> Task :app:javaPreCompileDebug UP-TO-DATE
Registered task dependencies: app:_agp_internal_javaPreCompileDebug_kspClasspath
Skipping misunderstood TO dep string: org.jetbrains.kotlin:kotlin-stdlib
Skipping misunderstood TO dep string: org.jetbrains.kotlin:kotlin-stdlib
Skipping misunderstood TO dep string: org.jetbrains.kotlin:kotlin-stdlib
Skipping misunderstood TO dep string: org.jetbrains.kotlin:kotlin-stdlib
Starting dependency analysis
Caching disabled for task ':app:javaPreCompileDebug' because:
  Build cache is disabled
Skipping task ':app:javaPreCompileDebug' as it is up-to-date.
Resolve mutations for :app:mergeDebugShaders (Thread[Execution worker,5,main]) started.
:app:mergeDebugShaders (Thread[Execution worker,5,main]) started.

> Task :app:mergeDebugShaders UP-TO-DATE
Caching disabled for task ':app:mergeDebugShaders' because:
  Build cache is disabled
  Simple merging task
Skipping task ':app:mergeDebugShaders' as it is up-to-date.
Resolve mutations for :app:compileDebugShaders (Thread[Execution worker,5,main]) started.
:app:compileDebugShaders (Thread[Execution worker,5,main]) started.

> Task :app:compileDebugShaders NO-SOURCE
Skipping task ':app:compileDebugShaders' as it has no source files and no previous output files.
Resolve mutations for :app:generateDebugAssets (Thread[Execution worker Thread 7,5,main]) started.
:app:generateDebugAssets (Thread[Execution worker Thread 7,5,main]) started.

> Task :app:generateDebugAssets UP-TO-DATE
Skipping task ':app:generateDebugAssets' as it has no actions.
Resolve mutations for :app:mergeDebugAssets (Thread[Execution worker,5,main]) started.
:app:mergeDebugAssets (Thread[Execution worker,5,main]) started.

> Task :app:mergeDebugAssets UP-TO-DATE
Caching disabled for task ':app:mergeDebugAssets' because:
  Build cache is disabled
  Simple merging task
Skipping task ':app:mergeDebugAssets' as it is up-to-date.
Resolve mutations for :app:compressDebugAssets (Thread[Execution worker Thread 7,5,main]) started.
:app:compressDebugAssets (Thread[Execution worker Thread 7,5,main]) started.

> Task :app:compressDebugAssets UP-TO-DATE
Caching disabled for task ':app:compressDebugAssets' because:
  Build cache is disabled
Skipping task ':app:compressDebugAssets' as it is up-to-date.
Resolve mutations for :app:checkDebugDuplicateClasses (Thread[Execution worker Thread 7,5,main]) started.
:app:checkDebugDuplicateClasses (Thread[Execution worker Thread 7,5,main]) started.

> Task :app:checkDebugDuplicateClasses UP-TO-DATE
Caching disabled for task ':app:checkDebugDuplicateClasses' because:
  Build cache is disabled
  Caching has been disabled for the task
Skipping task ':app:checkDebugDuplicateClasses' as it is up-to-date.
Resolve mutations for :app:desugarDebugFileDependencies (Thread[Execution worker Thread 7,5,main]) started.
:app:desugarDebugFileDependencies (Thread[Execution worker Thread 6,5,main]) started.

> Task :app:desugarDebugFileDependencies UP-TO-DATE
Caching disabled for task ':app:desugarDebugFileDependencies' because:
  Build cache is disabled
Skipping task ':app:desugarDebugFileDependencies' as it is up-to-date.
Resolve mutations for :app:mergeExtDexDebug (Thread[Execution worker Thread 6,5,main]) started.

> Task :app:kspDebugKotlin
file or directory 'D:\Money_Saving\app\src\debug\kotlin', not found
file or directory 'D:\Money_Saving\app\src\debug\java', not found
file or directory 'D:\Money_Saving\app\src\main\kotlin', not found
file or directory 'D:\Money_Saving\app\src\debug\java', not found
Adding -Xuse-inline-scopes-numbers Kotlin compiler flag for task :app:compileDebugAndroidTestKotlin
GradleBuildProject.Builder should not be accessed through AnalyticsConfiguratorService after AnalyticsService is created. Analytics information of this build might be incomplete.
Registered task dependencies: app:kotlinCompilerClasspath
Starting dependency analysis
file or directory 'D:\Money_Saving\app\src\debug\kotlin', not found
file or directory 'D:\Money_Saving\app\src\debug\java', not found
file or directory 'D:\Money_Saving\app\src\main\kotlin', not found
file or directory 'D:\Money_Saving\app\src\debug\java', not found
Caching disabled for task ':app:kspDebugKotlin' because:
  Build cache is disabled
Task ':app:kspDebugKotlin' is not up-to-date because:
  Class path of task ':app:kspDebugKotlin' has changed from 981c54eedfefa60b3d3dd216eef9b0c9 to 0ebd654da7242783ee5b7865bbe8cabc.
The input changes require a full rebuild for incremental task ':app:kspDebugKotlin'.
file or directory 'D:\Money_Saving\app\src\debug\kotlin', not found
file or directory 'D:\Money_Saving\app\src\debug\java', not found
file or directory 'D:\Money_Saving\app\src\main\kotlin', not found
file or directory 'D:\Money_Saving\app\src\debug\java', not found
file or directory 'D:\Money_Saving\app\src\debug\kotlin', not found
file or directory 'D:\Money_Saving\app\src\debug\java', not found
file or directory 'D:\Money_Saving\app\src\main\kotlin', not found
file or directory 'D:\Money_Saving\app\src\debug\kotlin', not found
file or directory 'D:\Money_Saving\app\src\debug\java', not found
file or directory 'D:\Money_Saving\app\src\main\kotlin', not found
file or directory 'D:\Money_Saving\app\src\debug\java', not found
file or directory 'D:\Money_Saving\app\src\debug\kotlin', not found
file or directory 'D:\Money_Saving\app\src\debug\java', not found
file or directory 'D:\Money_Saving\app\src\main\kotlin', not found
file or directory 'D:\Money_Saving\app\src\debug\java', not found
file or directory 'D:\Money_Saving\app\src\debug\kotlin', not found
file or directory 'D:\Money_Saving\app\src\debug\java', not found
file or directory 'D:\Money_Saving\app\src\main\kotlin', not found
file or directory 'D:\Money_Saving\app\src\debug\java', not found
Kotlin source files: D:\Money_Saving\app\src\main\java\com\example\moneymanagement\presentation\Common.kt, D:\Money_Saving\app\src\main\java\com\example\moneymanagement\presentation\database\api\GeminiApi.kt, D:\Money_Saving\app\src\main\java\com\example\moneymanagement\presentation\database\api\GeminiRepository.kt, D:\Money_Saving\app\src\main\java\com\example\moneymanagement\presentation\database\api\MyServiceCurrence.kt, D:\Money_Saving\app\src\main\java\com\example\moneymanagement\presentation\database\api\RetrofitClient.kt, D:\Money_Saving\app\src\main\java\com\example\moneymanagement\presentation\database\model\CategoryModel.kt, D:\Money_Saving\app\src\main\java\com\example\moneymanagement\presentation\database\model\CurrencyItem.kt, D:\Money_Saving\app\src\main\java\com\example\moneymanagement\presentation\database\model\CurrencyResponse.kt, D:\Money_Saving\app\src\main\java\com\example\moneymanagement\presentation\database\model\GeminiModels.kt, D:\Money_Saving\app\src\main\java\com\example\moneymanagement\presentation\database\model\IntroModel.kt, D:\Money_Saving\app\src\main\java\com\example\moneymanagement\presentation\database\model\JarCategory.kt, D:\Money_Saving\app\src\main\java\com\example\moneymanagement\presentation\database\model\LanguageModel.kt, D:\Money_Saving\app\src\main\java\com\example\moneymanagement\presentation\database\model\MonthModel.kt, D:\Money_Saving\app\src\main\java\com\example\moneymanagement\presentation\database\model\StaticCategoryChildModel.kt, D:\Money_Saving\app\src\main\java\com\example\moneymanagement\presentation\database\model\StaticCategoryParentModel.kt, D:\Money_Saving\app\src\main\java\com\example\moneymanagement\presentation\database\model\TransactionModel.kt, D:\Money_Saving\app\src\main\java\com\example\moneymanagement\presentation\database\roomdb\AddBudgetDetailDao.kt, D:\Money_Saving\app\src\main\java\com\example\moneymanagement\presentation\database\roomdb\AddMoneyBudgetDao.kt, D:\Money_Saving\app\src\main\java\com\example\moneymanagement\presentation\database\roomdb\AddNewDao.kt, D:\Money_Saving\app\src\main\java\com\example\moneymanagement\presentation\database\roomdb\AddNewEntity.kt, D:\Money_Saving\app\src\main\java\com\example\moneymanagement\presentation\database\roomdb\AppDatabase.kt, D:\Money_Saving\app\src\main\java\com\example\moneymanagement\presentation\database\roomdb\BudgetEntity.kt, D:\Money_Saving\app\src\main\java\com\example\moneymanagement\presentation\database\roomdb\ChatMessageDao.kt, D:\Money_Saving\app\src\main\java\com\example\moneymanagement\presentation\database\roomdb\ChatMessageEntity.kt, D:\Money_Saving\app\src\main\java\com\example\moneymanagement\presentation\database\roomdb\DataManager.kt, D:\Money_Saving\app\src\main\java\com\example\moneymanagement\presentation\database\roomdb\MoneyBudgetEntity.kt, D:\Money_Saving\app\src\main\java\com\example\moneymanagement\presentation\utils\FinancialContextHelper.kt, D:\Money_Saving\app\src\main\java\com\example\moneymanagement\presentation\utils\NetworkUtils.kt, D:\Money_Saving\app\src\main\java\com\example\moneymanagement\presentation\utils\RemoteConfigManager.kt, D:\Money_Saving\app\src\main\java\com\example\moneymanagement\presentation\Utils.kt, D:\Money_Saving\app\src\main\java\com\example\moneymanagement\presentation\view\activity\addnew\AddNewActivity.kt, D:\Money_Saving\app\src\main\java\com\example\moneymanagement\presentation\view\activity\addnew\AddNewViewModel.kt, D:\Money_Saving\app\src\main\java\com\example\moneymanagement\presentation\view\activity\budetdetail\BudgetDetailActivity.kt, D:\Money_Saving\app\src\main\java\com\example\moneymanagement\presentation\view\activity\budetdetail\BudgetDetailViewModel.kt, D:\Money_Saving\app\src\main\java\com\example\moneymanagement\presentation\view\activity\budget\BudgetActivity.kt, D:\Money_Saving\app\src\main\java\com\example\moneymanagement\presentation\view\activity\budget\BudgetViewModel.kt, D:\Money_Saving\app\src\main\java\com\example\moneymanagement\presentation\view\activity\chat\ChatActivity.kt, D:\Money_Saving\app\src\main\java\com\example\moneymanagement\presentation\view\activity\currency\CurrencyActivity.kt, D:\Money_Saving\app\src\main\java\com\example\moneymanagement\presentation\view\activity\home\HomeActivity.kt, D:\Money_Saving\app\src\main\java\com\example\moneymanagement\presentation\view\activity\home\HomeViewModel.kt, D:\Money_Saving\app\src\main\java\com\example\moneymanagement\presentation\view\activity\intro\IntroActivity.kt, D:\Money_Saving\app\src\main\java\com\example\moneymanagement\presentation\view\activity\jardetail\JarDetailActivity.kt, D:\Money_Saving\app\src\main\java\com\example\moneymanagement\presentation\view\activity\jardetail\JarDetailViewModel.kt, D:\Money_Saving\app\src\main\java\com\example\moneymanagement\presentation\view\activity\language\LanguageActivity.kt, D:\Money_Saving\app\src\main\java\com\example\moneymanagement\presentation\view\activity\splash\SplashActivity.kt, D:\Money_Saving\app\src\main\java\com\example\moneymanagement\presentation\view\activity\static\StaticActivity.kt, D:\Money_Saving\app\src\main\java\com\example\moneymanagement\presentation\view\activity\transactions\TransactionsActivity.kt, D:\Money_Saving\app\src\main\java\com\example\moneymanagement\presentation\view\activity\transactions\TransactionsViewModel.kt, D:\Money_Saving\app\src\main\java\com\example\moneymanagement\presentation\view\adapter\AddNewAdapter.kt, D:\Money_Saving\app\src\main\java\com\example\moneymanagement\presentation\view\adapter\AddNewCategoryAdapter.kt, D:\Money_Saving\app\src\main\java\com\example\moneymanagement\presentation\view\adapter\BudgetDetailAdapter.kt, D:\Money_Saving\app\src\main\java\com\example\moneymanagement\presentation\view\adapter\BudgetSelectionAdapter.kt, D:\Money_Saving\app\src\main\java\com\example\moneymanagement\presentation\view\adapter\ChatAdapter.kt, D:\Money_Saving\app\src\main\java\com\example\moneymanagement\presentation\view\adapter\CurrencyAdapter.kt, D:\Money_Saving\app\src\main\java\com\example\moneymanagement\presentation\view\adapter\ExpendChildAdapter.kt, D:\Money_Saving\app\src\main\java\com\example\moneymanagement\presentation\view\adapter\ExpendParentAdapter.kt, D:\Money_Saving\app\src\main\java\com\example\moneymanagement\presentation\view\adapter\ExpendStaticCategoryChildAdapter.kt, D:\Money_Saving\app\src\main\java\com\example\moneymanagement\presentation\view\adapter\ExpendStaticCategoryParentAdapter.kt, D:\Money_Saving\app\src\main\java\com\example\moneymanagement\presentation\view\adapter\HomeAdapter.kt, D:\Money_Saving\app\src\main\java\com\example\moneymanagement\presentation\view\adapter\IncomeChildAdapter.kt, D:\Money_Saving\app\src\main\java\com\example\moneymanagement\presentation\view\adapter\IncomeParentAdapter.kt, D:\Money_Saving\app\src\main\java\com\example\moneymanagement\presentation\view\adapter\IncomeStaticCategoryChildAdapter.kt, D:\Money_Saving\app\src\main\java\com\example\moneymanagement\presentation\view\adapter\IncomeStaticCategoryParentAdapter.kt, D:\Money_Saving\app\src\main\java\com\example\moneymanagement\presentation\view\adapter\IntroAdapter.kt, D:\Money_Saving\app\src\main\java\com\example\moneymanagement\presentation\view\adapter\JarCategoryAdapter.kt, D:\Money_Saving\app\src\main\java\com\example\moneymanagement\presentation\view\adapter\JarTransactionAdapter.kt, D:\Money_Saving\app\src\main\java\com\example\moneymanagement\presentation\view\adapter\LanguageAdapter.kt, D:\Money_Saving\app\src\main\java\com\example\moneymanagement\presentation\view\adapter\LoanChildAdapter.kt, D:\Money_Saving\app\src\main\java\com\example\moneymanagement\presentation\view\adapter\LoanParentAdapter.kt, D:\Money_Saving\app\src\main\java\com\example\moneymanagement\presentation\view\adapter\LoanStaticCategoryChildAdapter.kt, D:\Money_Saving\app\src\main\java\com\example\moneymanagement\presentation\view\adapter\LoanStaticCategoryParentAdapter.kt, D:\Money_Saving\app\src\main\java\com\example\moneymanagement\presentation\view\adapter\MonthAdapter.kt, D:\Money_Saving\app\src\main\java\com\example\moneymanagement\presentation\view\adapter\OnAddBudgerListener.kt, D:\Money_Saving\app\src\main\java\com\example\moneymanagement\presentation\view\adapter\OnBudgetUpdatedListener.kt, D:\Money_Saving\app\src\main\java\com\example\moneymanagement\presentation\view\adapter\OnClickItemAddNew.kt, D:\Money_Saving\app\src\main\java\com\example\moneymanagement\presentation\view\adapter\OnClickItemMonth.kt, D:\Money_Saving\app\src\main\java\com\example\moneymanagement\presentation\view\adapter\OnClickItemTransaction.kt, D:\Money_Saving\app\src\main\java\com\example\moneymanagement\presentation\view\adapter\OnClickListenerUpdateMoney.kt, D:\Money_Saving\app\src\main\java\com\example\moneymanagement\presentation\view\adapter\StaticAdapter.kt, D:\Money_Saving\app\src\main\java\com\example\moneymanagement\presentation\view\base\BaseActivity.kt, D:\Money_Saving\app\src\main\java\com\example\moneymanagement\presentation\view\base\BaseFragment.kt, D:\Money_Saving\app\src\main\java\com\example\moneymanagement\presentation\view\base\BaseView.kt, D:\Money_Saving\app\src\main\java\com\example\moneymanagement\presentation\view\dialog\BudgetBottomSheet.kt, D:\Money_Saving\app\src\main\java\com\example\moneymanagement\presentation\view\dialog\CurrencyBottomSheet.kt, D:\Money_Saving\app\src\main\java\com\example\moneymanagement\presentation\view\dialog\SetBudgetNameBottomSheetDialog.kt, D:\Money_Saving\app\src\main\java\com\example\moneymanagement\presentation\view\dialog\SetDateBottomSheetDialog.kt, D:\Money_Saving\app\src\main\java\com\example\moneymanagement\presentation\view\dialog\SetMoneyBudgetBottomSheet.kt, D:\Money_Saving\app\src\main\java\com\example\moneymanagement\presentation\view\dialog\SetMoneyJarBottomSheet.kt, D:\Money_Saving\app\src\main\java\com\example\moneymanagement\presentation\view\dialog\SetTimeBottomSheetDialog.kt, D:\Money_Saving\app\src\main\java\com\example\moneymanagement\presentation\view\fragment\addnewexpend\AddNewExpendFragment.kt, D:\Money_Saving\app\src\main\java\com\example\moneymanagement\presentation\view\fragment\addnewexpend\AddNewExpendViewModel.kt, D:\Money_Saving\app\src\main\java\com\example\moneymanagement\presentation\view\fragment\addnewincome\AddNewIncomeFragment.kt, D:\Money_Saving\app\src\main\java\com\example\moneymanagement\presentation\view\fragment\addnewincome\AddNewIncomeViewModel.kt, D:\Money_Saving\app\src\main\java\com\example\moneymanagement\presentation\view\fragment\addnewloan\AddNewLoanFragment.kt, D:\Money_Saving\app\src\main\java\com\example\moneymanagement\presentation\view\fragment\addnewloan\AddNewLoanViewModel.kt, D:\Money_Saving\app\src\main\java\com\example\moneymanagement\presentation\view\fragment\expend\ExpendFragment.kt, D:\Money_Saving\app\src\main\java\com\example\moneymanagement\presentation\view\fragment\expend\ExpendViewModel.kt, D:\Money_Saving\app\src\main\java\com\example\moneymanagement\presentation\view\fragment\expendstatic\ExpendStaticFragment.kt, D:\Money_Saving\app\src\main\java\com\example\moneymanagement\presentation\view\fragment\expendstatic\ExpendStaticViewModel.kt, D:\Money_Saving\app\src\main\java\com\example\moneymanagement\presentation\view\fragment\incom\IncomeViewModel.kt, D:\Money_Saving\app\src\main\java\com\example\moneymanagement\presentation\view\fragment\incom\IncomFragment.kt, D:\Money_Saving\app\src\main\java\com\example\moneymanagement\presentation\view\fragment\income\IncomeStaticFragment.kt, D:\Money_Saving\app\src\main\java\com\example\moneymanagement\presentation\view\fragment\income\IncomeStaticViewModel.kt, D:\Money_Saving\app\src\main\java\com\example\moneymanagement\presentation\view\fragment\loan\LoanFragment.kt, D:\Money_Saving\app\src\main\java\com\example\moneymanagement\presentation\view\fragment\loan\LoanViewModel.kt, D:\Money_Saving\app\src\main\java\com\example\moneymanagement\presentation\view\fragment\loanstatic\LoanStaticFragment.kt, D:\Money_Saving\app\src\main\java\com\example\moneymanagement\presentation\view\fragment\loanstatic\LoanStaticViewModel.kt, D:\Money_Saving\app\src\main\java\com\example\moneymanagement\presentation\view\selectmonthdialog\SelectionMonthDialog.kt, D:\Money_Saving\app\src\main\java\com\example\moneymanagement\presentation\view\selectmonthdialog\SelectionMonthViewModel.kt, D:\Money_Saving\app\src\main\java\com\example\moneymanagement\presentation\viewmodel\ChatViewModel.kt
Java source files: D:\Money_Saving\app\build\generated\data_binding_base_class_source_out\debug\out\com\example\moneymanagement\databinding\ActivityAddNewBinding.java, D:\Money_Saving\app\build\generated\data_binding_base_class_source_out\debug\out\com\example\moneymanagement\databinding\ActivityBudgetBinding.java, D:\Money_Saving\app\build\generated\data_binding_base_class_source_out\debug\out\com\example\moneymanagement\databinding\ActivityBudgetDetailBinding.java, D:\Money_Saving\app\build\generated\data_binding_base_class_source_out\debug\out\com\example\moneymanagement\databinding\ActivityChatBinding.java, D:\Money_Saving\app\build\generated\data_binding_base_class_source_out\debug\out\com\example\moneymanagement\databinding\ActivityCurrencyBinding.java, D:\Money_Saving\app\build\generated\data_binding_base_class_source_out\debug\out\com\example\moneymanagement\databinding\ActivityHomeBinding.java, D:\Money_Saving\app\build\generated\data_binding_base_class_source_out\debug\out\com\example\moneymanagement\databinding\ActivityIntroBinding.java, D:\Money_Saving\app\build\generated\data_binding_base_class_source_out\debug\out\com\example\moneymanagement\databinding\ActivityJarDetailBinding.java, D:\Money_Saving\app\build\generated\data_binding_base_class_source_out\debug\out\com\example\moneymanagement\databinding\ActivityLanguageBinding.java, D:\Money_Saving\app\build\generated\data_binding_base_class_source_out\debug\out\com\example\moneymanagement\databinding\ActivitySplashBinding.java, D:\Money_Saving\app\build\generated\data_binding_base_class_source_out\debug\out\com\example\moneymanagement\databinding\ActivityStaticBinding.java, D:\Money_Saving\app\build\generated\data_binding_base_class_source_out\debug\out\com\example\moneymanagement\databinding\ActivityTransactionsBinding.java, D:\Money_Saving\app\build\generated\data_binding_base_class_source_out\debug\out\com\example\moneymanagement\databinding\BottomSheetAddBudgetBinding.java, D:\Money_Saving\app\build\generated\data_binding_base_class_source_out\debug\out\com\example\moneymanagement\databinding\BottomSheetBudgetBinding.java, D:\Money_Saving\app\build\generated\data_binding_base_class_source_out\debug\out\com\example\moneymanagement\databinding\BottomSheetSelectCurrencyBinding.java, D:\Money_Saving\app\build\generated\data_binding_base_class_source_out\debug\out\com\example\moneymanagement\databinding\BottomSheetSetDateBinding.java, D:\Money_Saving\app\build\generated\data_binding_base_class_source_out\debug\out\com\example\moneymanagement\databinding\BottomSheetSetJarBudgetBinding.java, D:\Money_Saving\app\build\generated\data_binding_base_class_source_out\debug\out\com\example\moneymanagement\databinding\BottomSheetSetMoneyBudgetBinding.java, D:\Money_Saving\app\build\generated\data_binding_base_class_source_out\debug\out\com\example\moneymanagement\databinding\BottomSheetSetTimeBinding.java, D:\Money_Saving\app\build\generated\data_binding_base_class_source_out\debug\out\com\example\moneymanagement\databinding\DialogNoInternetBinding.java, D:\Money_Saving\app\build\generated\data_binding_base_class_source_out\debug\out\com\example\moneymanagement\databinding\DialogSelectMonthBinding.java, D:\Money_Saving\app\build\generated\data_binding_base_class_source_out\debug\out\com\example\moneymanagement\databinding\DrawerHeaderBinding.java, D:\Money_Saving\app\build\generated\data_binding_base_class_source_out\debug\out\com\example\moneymanagement\databinding\FragmentAddNewExpendBinding.java, D:\Money_Saving\app\build\generated\data_binding_base_class_source_out\debug\out\com\example\moneymanagement\databinding\FragmentAddNewIncomeBinding.java, D:\Money_Saving\app\build\generated\data_binding_base_class_source_out\debug\out\com\example\moneymanagement\databinding\FragmentAddNewLoanBinding.java, D:\Money_Saving\app\build\generated\data_binding_base_class_source_out\debug\out\com\example\moneymanagement\databinding\FragmentExpendBinding.java, D:\Money_Saving\app\build\generated\data_binding_base_class_source_out\debug\out\com\example\moneymanagement\databinding\FragmentExpendStaticBinding.java, D:\Money_Saving\app\build\generated\data_binding_base_class_source_out\debug\out\com\example\moneymanagement\databinding\FragmentIncomeBinding.java, D:\Money_Saving\app\build\generated\data_binding_base_class_source_out\debug\out\com\example\moneymanagement\databinding\FragmentIncomeStaticBinding.java, D:\Money_Saving\app\build\generated\data_binding_base_class_source_out\debug\out\com\example\moneymanagement\databinding\FragmentLoanBinding.java, D:\Money_Saving\app\build\generated\data_binding_base_class_source_out\debug\out\com\example\moneymanagement\databinding\FragmentLoanStaticBinding.java, D:\Money_Saving\app\build\generated\data_binding_base_class_source_out\debug\out\com\example\moneymanagement\databinding\ItemAddNewCategoryBinding.java, D:\Money_Saving\app\build\generated\data_binding_base_class_source_out\debug\out\com\example\moneymanagement\databinding\ItemBudgetBinding.java, D:\Money_Saving\app\build\generated\data_binding_base_class_source_out\debug\out\com\example\moneymanagement\databinding\ItemBudgetSelectionBinding.java, D:\Money_Saving\app\build\generated\data_binding_base_class_source_out\debug\out\com\example\moneymanagement\databinding\ItemChatAiBinding.java, D:\Money_Saving\app\build\generated\data_binding_base_class_source_out\debug\out\com\example\moneymanagement\databinding\ItemChatUserBinding.java, D:\Money_Saving\app\build\generated\data_binding_base_class_source_out\debug\out\com\example\moneymanagement\databinding\ItemCurrencyBinding.java, D:\Money_Saving\app\build\generated\data_binding_base_class_source_out\debug\out\com\example\moneymanagement\databinding\ItemHistoryChildBinding.java, D:\Money_Saving\app\build\generated\data_binding_base_class_source_out\debug\out\com\example\moneymanagement\databinding\ItemHistoryParentBinding.java, D:\Money_Saving\app\build\generated\data_binding_base_class_source_out\debug\out\com\example\moneymanagement\databinding\ItemIntrolBinding.java, D:\Money_Saving\app\build\generated\data_binding_base_class_source_out\debug\out\com\example\moneymanagement\databinding\ItemJarCategoryBinding.java, D:\Money_Saving\app\build\generated\data_binding_base_class_source_out\debug\out\com\example\moneymanagement\databinding\ItemLanguageBinding.java, D:\Money_Saving\app\build\generated\data_binding_base_class_source_out\debug\out\com\example\moneymanagement\databinding\ItemMonthBinding.java, D:\Money_Saving\app\build\generated\data_binding_base_class_source_out\debug\out\com\example\moneymanagement\databinding\ItemStaticCategoryChildBinding.java, D:\Money_Saving\app\build\generated\data_binding_base_class_source_out\debug\out\com\example\moneymanagement\databinding\ItemStaticCategoryParentBinding.java
Script source files: 
Script file extensions: 
[KOTLIN] Kotlin compilation 'jdkHome' argument: null

:app:mergeExtDexDebug (Thread[Execution worker Thread 6,5,main]) started.

> Task :app:mergeExtDexDebug UP-TO-DATE
Caching disabled for task ':app:mergeExtDexDebug' because:
  Build cache is disabled
Skipping task ':app:mergeExtDexDebug' as it is up-to-date.
Resolve mutations for :app:mergeLibDexDebug (Thread[Execution worker Thread 7,5,main]) started.
:app:mergeLibDexDebug (Thread[Execution worker Thread 7,5,main]) started.

> Task :app:mergeLibDexDebug UP-TO-DATE
Caching disabled for task ':app:mergeLibDexDebug' because:
  Build cache is disabled
Skipping task ':app:mergeLibDexDebug' as it is up-to-date.
Resolve mutations for :app:mergeDebugJniLibFolders (Thread[Execution worker Thread 7,5,main]) started.
:app:mergeDebugJniLibFolders (Thread[Execution worker Thread 7,5,main]) started.

> Task :app:mergeDebugJniLibFolders UP-TO-DATE
Caching disabled for task ':app:mergeDebugJniLibFolders' because:
  Build cache is disabled
  Simple merging task
Skipping task ':app:mergeDebugJniLibFolders' as it is up-to-date.
Resolve mutations for :app:mergeDebugNativeLibs (Thread[Execution worker Thread 7,5,main]) started.
:app:mergeDebugNativeLibs (Thread[Execution worker Thread 7,5,main]) started.

> Task :app:mergeDebugNativeLibs UP-TO-DATE
Caching disabled for task ':app:mergeDebugNativeLibs' because:
  Build cache is disabled
  Caching has been disabled for the task
Skipping task ':app:mergeDebugNativeLibs' as it is up-to-date.
Resolve mutations for :app:stripDebugDebugSymbols (Thread[Execution worker Thread 6,5,main]) started.
:app:stripDebugDebugSymbols (Thread[Execution worker Thread 6,5,main]) started.

> Task :app:stripDebugDebugSymbols UP-TO-DATE
Caching disabled for task ':app:stripDebugDebugSymbols' because:
  Build cache is disabled
  Caching has been disabled for the task
Skipping task ':app:stripDebugDebugSymbols' as it is up-to-date.
Resolve mutations for :app:validateSigningDebug (Thread[Execution worker Thread 6,5,main]) started.
:app:validateSigningDebug (Thread[Execution worker Thread 6,5,main]) started.

> Task :app:validateSigningDebug UP-TO-DATE
Caching disabled for task ':app:validateSigningDebug' because:
  Build cache is disabled
  Caching has been disabled for the task
Skipping task ':app:validateSigningDebug' as it is up-to-date.
Resolve mutations for :app:writeDebugAppMetadata (Thread[Execution worker Thread 6,5,main]) started.
:app:writeDebugAppMetadata (Thread[Execution worker Thread 6,5,main]) started.

> Task :app:writeDebugAppMetadata UP-TO-DATE
Caching disabled for task ':app:writeDebugAppMetadata' because:
  Build cache is disabled
  Caching has been disabled for the task
Skipping task ':app:writeDebugAppMetadata' as it is up-to-date.
Resolve mutations for :app:writeDebugSigningConfigVersions (Thread[Execution worker Thread 6,5,main]) started.
:app:writeDebugSigningConfigVersions (Thread[Execution worker Thread 6,5,main]) started.

> Task :app:writeDebugSigningConfigVersions UP-TO-DATE
Caching disabled for task ':app:writeDebugSigningConfigVersions' because:
  Build cache is disabled
  Caching has been disabled for the task
Skipping task ':app:writeDebugSigningConfigVersions' as it is up-to-date.

> Task :app:kspDebugKotlin FAILED
i: [ksp] loaded provider(s): [androidx.room.RoomKspProcessor$Provider]
w: [ksp] D:/Money_Saving/app/src/main/java/com/example/moneymanagement/presentation/database/roomdb/AppDatabase.kt:7: Schema export directory was not provided to the annotation processor so Room cannot export the schema. You can either provide `room.schemaLocation` annotation processor argument by applying the Room Gradle plugin (id 'androidx.room') OR set exportSchema to false.
./gradlew : e: file:///C:/
Users/Admin/.gradle/caches
/8.13/transforms/5ae327bc2
0223af54d0ebceb618ebcec/tr
ansformed/play-services-me
asurement-impl-23.2.0-api.
jar!/META-INF/java.com.goo
gle.android.gms.libs.filec
ompliance.proto_file_acces
s_api_type_kt_proto_lite.k
otlin_module Module was 
compiled with an 
incompatible version of 
Kotlin. The binary 
version of its metadata 
is 2.2.0, expected 
version is 2.0.0.
At line:1 char:1
+ ./gradlew 
:app:assembleDebug 
--stacktrace --info > 
build_output.txt 2 ...
+ ~~~~~~~~~~~~~~~~~~~~~~~~
~~~~~~~~~~~~~~~~~~~~~~~~~~
~~~~~~~~~~~~~~~~~~~
    + CategoryInfo        
      : NotSpecified: (e  
  : file:///C:/U...rsio   
 n is 2.0.0.:String) [    
], RemoteException
    + FullyQualifiedError 
   Id : NativeCommandErr  
  or
 
e: file:///C:/Users/Admin/
.gradle/caches/8.13/transf
orms/5ae327bc20223af54d0eb
ceb618ebcec/transformed/pl
ay-services-measurement-im
pl-23.2.0-api.jar!/META-IN
F/java.com.google.async.co
routines_annotations.kotli
n_module Module was 
compiled with an 
incompatible version of 
Kotlin. The binary 
version of its metadata 
is 2.2.0, expected 
version is 2.0.0.
e: file:///C:/Users/Admin/
.gradle/caches/8.13/transf
orms/5ae327bc20223af54d0eb
ceb618ebcec/transformed/pl
ay-services-measurement-im
pl-23.2.0-api.jar!/META-IN
F/third_party.kotlin.proto
buf.src.commonMain.kotlin.
com.google.protobuf.kotlin
_only_for_use_in_proto_gen
erated_code_its_generator_
and_tests.kotlin_module 
Module was compiled with 
an incompatible version 
of Kotlin. The binary 
version of its metadata 
is 2.2.0, expected 
version is 2.0.0.
e: file:///C:/Users/Admin/
.gradle/caches/8.13/transf
orms/5ae327bc20223af54d0eb
ceb618ebcec/transformed/pl
ay-services-measurement-im
pl-23.2.0-api.jar!/META-IN
F/third_party.kotlin.proto
buf.src.commonMain.kotlin.
com.google.protobuf.kotlin
_shared_runtime.kotlin_mod
ule Module was compiled 
with an incompatible 
version of Kotlin. The 
binary version of its 
metadata is 2.2.0, 
expected version is 2.0.0.
e: file:///C:/Users/Admin/
.gradle/caches/8.13/transf
orms/a071deb2bfac23a9bd5b4
b4792a4bda8/transformed/pl
ay-services-measurement-ap
i-23.2.0-api.jar!/META-INF
/java.com.google.android.g
mscore.integ.client.measur
ement_api_measurement_api.
kotlin_module Module was 
compiled with an 
incompatible version of 
Kotlin. The binary 
version of its metadata 
is 2.2.0, expected 
version is 2.0.0.
Finished executing kotlin compiler using DAEMON strategy

FAILURE: Build failed 
with an exception.

* What went wrong:
Execution failed for task 
':app:kspDebugKotlin'.
> A failure occurred 
while executing org.jetbra
ins.kotlin.compilerRunner.
GradleCompilerRunnerWithWo
rkers$GradleKotlinCompiler
WorkAction
   > Compilation error. 
See log for more details

* Try:
> Run with --debug option 
to get more log output.
> Run with --scan to get 
full insights.
> Get more help at 
https://help.gradle.org.

* Exception is:
org.gradle.api.tasks.TaskE
xecutionException: 
Execution failed for task 
':app:kspDebugKotlin'.
	at org.gradle.api.interna
l.tasks.execution.ExecuteA
ctionsTaskExecuter.lambda$
executeIfValid$1(ExecuteAc
tionsTaskExecuter.java:130
)
	at org.gradle.internal.Tr
y$Failure.ifSuccessfulOrEl
se(Try.java:293)
	at org.gradle.api.interna
l.tasks.execution.ExecuteA
ctionsTaskExecuter.execute
IfValid(ExecuteActionsTask
Executer.java:128)
	at org.gradle.api.interna
l.tasks.execution.ExecuteA
ctionsTaskExecuter.execute
(ExecuteActionsTaskExecute
r.java:116)
	at org.gradle.api.interna
l.tasks.execution.Problems
TaskPathTrackingTaskExecut
er.execute(ProblemsTaskPat
hTrackingTaskExecuter.java
:40)
	at org.gradle.api.interna
l.tasks.execution.Finalize
PropertiesTaskExecuter.exe
cute(FinalizePropertiesTas
kExecuter.java:46)
	at org.gradle.api.interna
l.tasks.execution.ResolveT
askExecutionModeExecuter.e
xecute(ResolveTaskExecutio
nModeExecuter.java:51)
	at org.gradle.api.interna
l.tasks.execution.SkipTask
WithNoActionsExecuter.exec
ute(SkipTaskWithNoActionsE
xecuter.java:57)
	at org.gradle.api.interna
l.tasks.execution.SkipOnly
IfTaskExecuter.execute(Ski
pOnlyIfTaskExecuter.java:7
4)
	at org.gradle.api.interna
l.tasks.execution.CatchExc
eptionTaskExecuter.execute
(CatchExceptionTaskExecute
r.java:36)
	at org.gradle.api.interna
l.tasks.execution.EventFir
ingTaskExecuter$1.executeT
ask(EventFiringTaskExecute
r.java:77)
	at org.gradle.api.interna
l.tasks.execution.EventFir
ingTaskExecuter$1.call(Eve
ntFiringTaskExecuter.java:
55)
	at org.gradle.api.interna
l.tasks.execution.EventFir
ingTaskExecuter$1.call(Eve
ntFiringTaskExecuter.java:
52)
	at org.gradle.internal.op
erations.DefaultBuildOpera
tionRunner$CallableBuildOp
erationWorker.execute(Defa
ultBuildOperationRunner.ja
va:210)
	at org.gradle.internal.op
erations.DefaultBuildOpera
tionRunner$CallableBuildOp
erationWorker.execute(Defa
ultBuildOperationRunner.ja
va:205)
	at org.gradle.internal.op
erations.DefaultBuildOpera
tionRunner$2.execute(Defau
ltBuildOperationRunner.jav
a:67)
	at org.gradle.internal.op
erations.DefaultBuildOpera
tionRunner$2.execute(Defau
ltBuildOperationRunner.jav
a:60)
	at org.gradle.internal.op
erations.DefaultBuildOpera
tionRunner.execute(Default
BuildOperationRunner.java:
167)
	at org.gradle.internal.op
erations.DefaultBuildOpera
tionRunner.execute(Default
BuildOperationRunner.java:
60)
	at org.gradle.internal.op
erations.DefaultBuildOpera
tionRunner.call(DefaultBui
ldOperationRunner.java:54)
	at org.gradle.api.interna
l.tasks.execution.EventFir
ingTaskExecuter.execute(Ev
entFiringTaskExecuter.java
:52)
	at org.gradle.execution.p
lan.LocalTaskNodeExecutor.
execute(LocalTaskNodeExecu
tor.java:42)
	at org.gradle.execution.t
askgraph.DefaultTaskExecut
ionGraph$InvokeNodeExecuto
rsAction.execute(DefaultTa
skExecutionGraph.java:331)
	at org.gradle.execution.t
askgraph.DefaultTaskExecut
ionGraph$InvokeNodeExecuto
rsAction.execute(DefaultTa
skExecutionGraph.java:318)
	at org.gradle.execution.t
askgraph.DefaultTaskExecut
ionGraph$BuildOperationAwa
reExecutionAction.lambda$e
xecute$0(DefaultTaskExecut
ionGraph.java:314)
	at org.gradle.internal.op
erations.CurrentBuildOpera
tionRef.with(CurrentBuildO
perationRef.java:85)
	at org.gradle.execution.t
askgraph.DefaultTaskExecut
ionGraph$BuildOperationAwa
reExecutionAction.execute(
DefaultTaskExecutionGraph.
java:314)
	at org.gradle.execution.t
askgraph.DefaultTaskExecut
ionGraph$BuildOperationAwa
reExecutionAction.execute(
DefaultTaskExecutionGraph.
java:303)
	at org.gradle.execution.p
lan.DefaultPlanExecutor$Ex
ecutorWorker.execute(Defau
ltPlanExecutor.java:459)
	at org.gradle.execution.p
lan.DefaultPlanExecutor$Ex
ecutorWorker.run(DefaultPl
anExecutor.java:376)
	at org.gradle.execution.p
lan.DefaultPlanExecutor.pr
ocess(DefaultPlanExecutor.
java:111)
	at org.gradle.execution.t
askgraph.DefaultTaskExecut
ionGraph.executeWithServic
es(DefaultTaskExecutionGra
ph.java:138)
	at org.gradle.execution.t
askgraph.DefaultTaskExecut
ionGraph.execute(DefaultTa
skExecutionGraph.java:123)
	at org.gradle.execution.S
electedTaskExecutionAction
.execute(SelectedTaskExecu
tionAction.java:35)
	at org.gradle.execution.D
ryRunBuildExecutionAction.
execute(DryRunBuildExecuti
onAction.java:51)
	at org.gradle.execution.B
uildOperationFiringBuildWo
rkerExecutor$ExecuteTasks.
call(BuildOperationFiringB
uildWorkerExecutor.java:54
)
	at org.gradle.execution.B
uildOperationFiringBuildWo
rkerExecutor$ExecuteTasks.
call(BuildOperationFiringB
uildWorkerExecutor.java:43
)
	at org.gradle.internal.op
erations.DefaultBuildOpera
tionRunner$CallableBuildOp
erationWorker.execute(Defa
ultBuildOperationRunner.ja
va:210)
	at org.gradle.internal.op
erations.DefaultBuildOpera
tionRunner$CallableBuildOp
erationWorker.execute(Defa
ultBuildOperationRunner.ja
va:205)
	at org.gradle.internal.op
erations.DefaultBuildOpera
tionRunner$2.execute(Defau
ltBuildOperationRunner.jav
a:67)
	at org.gradle.internal.op
erations.DefaultBuildOpera
tionRunner$2.execute(Defau
ltBuildOperationRunner.jav
a:60)
	at org.gradle.internal.op
erations.DefaultBuildOpera
tionRunner.execute(Default
BuildOperationRunner.java:
167)
	at org.gradle.internal.op
erations.DefaultBuildOpera
tionRunner.execute(Default
BuildOperationRunner.java:
60)
	at org.gradle.internal.op
erations.DefaultBuildOpera
tionRunner.call(DefaultBui
ldOperationRunner.java:54)
	at org.gradle.execution.B
uildOperationFiringBuildWo
rkerExecutor.execute(Build
OperationFiringBuildWorker
Executor.java:40)
	at org.gradle.internal.bu
ild.DefaultBuildLifecycleC
ontroller.lambda$executeTa
sks$10(DefaultBuildLifecyc
leController.java:313)
	at org.gradle.internal.mo
del.StateTransitionControl
ler.doTransition(StateTran
sitionController.java:266)
	at org.gradle.internal.mo
del.StateTransitionControl
ler.lambda$tryTransition$8
(StateTransitionController
.java:177)
	at org.gradle.internal.wo
rk.DefaultSynchronizer.wit
hLock(DefaultSynchronizer.
java:46)
	at org.gradle.internal.mo
del.StateTransitionControl
ler.tryTransition(StateTra
nsitionController.java:177
)
	at org.gradle.internal.bu
ild.DefaultBuildLifecycleC
ontroller.executeTasks(Def
aultBuildLifecycleControll
er.java:304)
	at org.gradle.internal.bu
ild.DefaultBuildWorkGraphC
ontroller$DefaultBuildWork
Graph.runWork(DefaultBuild
WorkGraphController.java:2
20)
	at org.gradle.internal.wo
rk.DefaultWorkerLeaseServi
ce.withLocks(DefaultWorker
LeaseService.java:263)
	at org.gradle.internal.wo
rk.DefaultWorkerLeaseServi
ce.runAsWorkerThread(Defau
ltWorkerLeaseService.java:
127)
	at org.gradle.composite.i
nternal.DefaultBuildContro
ller.doRun(DefaultBuildCon
troller.java:181)
	at org.gradle.composite.i
nternal.DefaultBuildContro
ller.access$000(DefaultBui
ldController.java:50)
	at org.gradle.composite.i
nternal.DefaultBuildContro
ller$BuildOpRunnable.lambd
a$run$0(DefaultBuildContro
ller.java:198)
	at org.gradle.internal.op
erations.CurrentBuildOpera
tionRef.with(CurrentBuildO
perationRef.java:85)
	at org.gradle.composite.i
nternal.DefaultBuildContro
ller$BuildOpRunnable.run(D
efaultBuildController.java
:198)
	at org.gradle.internal.co
ncurrent.ExecutorPolicy$Ca
tchAndRecordFailures.onExe
cute(ExecutorPolicy.java:6
4)
	at org.gradle.internal.co
ncurrent.AbstractManagedEx
ecutor$1.run(AbstractManag
edExecutor.java:48)
Caused by: org.gradle.work
ers.internal.DefaultWorker
Executor$WorkExecutionExce
ption: A failure occurred 
while executing org.jetbra
ins.kotlin.compilerRunner.
GradleCompilerRunnerWithWo
rkers$GradleKotlinCompiler
WorkAction
	at org.gradle.workers.int
ernal.DefaultWorkerExecuto
r$WorkItemExecution.waitFo
rCompletion(DefaultWorkerE
xecutor.java:287)
	at org.gradle.internal.wo
rk.DefaultAsyncWorkTracker
.lambda$waitForItemsAndGat
herFailures$2(DefaultAsync
WorkTracker.java:130)
	at org.gradle.internal.Fa
ctories$1.create(Factories
.java:31)
	at org.gradle.internal.wo
rk.DefaultWorkerLeaseServi
ce.withoutLocks(DefaultWor
kerLeaseService.java:335)
	at org.gradle.internal.wo
rk.DefaultWorkerLeaseServi
ce.withoutLocks(DefaultWor
kerLeaseService.java:318)
	at org.gradle.internal.wo
rk.DefaultWorkerLeaseServi
ce.withoutLock(DefaultWork
erLeaseService.java:323)
	at org.gradle.internal.wo
rk.DefaultAsyncWorkTracker
.waitForItemsAndGatherFail
ures(DefaultAsyncWorkTrack
er.java:126)
	at org.gradle.internal.wo
rk.DefaultAsyncWorkTracker
.waitForItemsAndGatherFail
ures(DefaultAsyncWorkTrack
er.java:92)
	at org.gradle.internal.wo
rk.DefaultAsyncWorkTracker
.waitForAll(DefaultAsyncWo
rkTracker.java:78)
	at org.gradle.internal.wo
rk.DefaultAsyncWorkTracker
.waitForCompletion(Default
AsyncWorkTracker.java:66)
	at org.gradle.api.interna
l.tasks.execution.TaskExec
ution$3.run(TaskExecution.
java:252)
	at org.gradle.internal.op
erations.DefaultBuildOpera
tionRunner$1.execute(Defau
ltBuildOperationRunner.jav
a:30)
	at org.gradle.internal.op
erations.DefaultBuildOpera
tionRunner$1.execute(Defau
ltBuildOperationRunner.jav
a:27)
	at org.gradle.internal.op
erations.DefaultBuildOpera
tionRunner$2.execute(Defau
ltBuildOperationRunner.jav
a:67)
	at org.gradle.internal.op
erations.DefaultBuildOpera
tionRunner$2.execute(Defau
ltBuildOperationRunner.jav
a:60)
	at org.gradle.internal.op
erations.DefaultBuildOpera
tionRunner.execute(Default
BuildOperationRunner.java:
167)
	at org.gradle.internal.op
erations.DefaultBuildOpera
tionRunner.execute(Default
BuildOperationRunner.java:
60)
	at org.gradle.internal.op
erations.DefaultBuildOpera
tionRunner.run(DefaultBuil
dOperationRunner.java:48)
	at org.gradle.api.interna
l.tasks.execution.TaskExec
ution.executeAction(TaskEx
ecution.java:229)
	at org.gradle.api.interna
l.tasks.execution.TaskExec
ution.executeActions(TaskE
xecution.java:212)
	at org.gradle.api.interna
l.tasks.execution.TaskExec
ution.executeWithPreviousO
utputFiles(TaskExecution.j
ava:195)
	at org.gradle.api.interna
l.tasks.execution.TaskExec
ution.execute(TaskExecutio
n.java:162)
	at org.gradle.internal.ex
ecution.steps.ExecuteStep.
executeInternal(ExecuteSte
p.java:105)
	at org.gradle.internal.ex
ecution.steps.ExecuteStep.
access$000(ExecuteStep.jav
a:44)
	at org.gradle.internal.ex
ecution.steps.ExecuteStep$
1.call(ExecuteStep.java:59
)
	at org.gradle.internal.ex
ecution.steps.ExecuteStep$
1.call(ExecuteStep.java:56
)
	at org.gradle.internal.op
erations.DefaultBuildOpera
tionRunner$CallableBuildOp
erationWorker.execute(Defa
ultBuildOperationRunner.ja
va:210)
	at org.gradle.internal.op
erations.DefaultBuildOpera
tionRunner$CallableBuildOp
erationWorker.execute(Defa
ultBuildOperationRunner.ja
va:205)
	at org.gradle.internal.op
erations.DefaultBuildOpera
tionRunner$2.execute(Defau
ltBuildOperationRunner.jav
a:67)
	at org.gradle.internal.op
erations.DefaultBuildOpera
tionRunner$2.execute(Defau
ltBuildOperationRunner.jav
a:60)
	at org.gradle.internal.op
erations.DefaultBuildOpera
tionRunner.execute(Default
BuildOperationRunner.java:
167)
	at org.gradle.internal.op
erations.DefaultBuildOpera
tionRunner.execute(Default
BuildOperationRunner.java:
60)
	at org.gradle.internal.op
erations.DefaultBuildOpera
tionRunner.call(DefaultBui
ldOperationRunner.java:54)
	at org.gradle.internal.ex
ecution.steps.ExecuteStep.
execute(ExecuteStep.java:5
6)
	at org.gradle.internal.ex
ecution.steps.ExecuteStep.
execute(ExecuteStep.java:4
4)
	at org.gradle.internal.ex
ecution.steps.CancelExecut
ionStep.execute(CancelExec
utionStep.java:42)
	at org.gradle.internal.ex
ecution.steps.TimeoutStep.
executeWithoutTimeout(Time
outStep.java:75)
	at org.gradle.internal.ex
ecution.steps.TimeoutStep.
execute(TimeoutStep.java:5
5)
	at org.gradle.internal.ex
ecution.steps.PreCreateOut
putParentsStep.execute(Pre
CreateOutputParentsStep.ja
va:50)
	at org.gradle.internal.ex
ecution.steps.PreCreateOut
putParentsStep.execute(Pre
CreateOutputParentsStep.ja
va:28)
	at org.gradle.internal.ex
ecution.steps.RemovePrevio
usOutputsStep.execute(Remo
vePreviousOutputsStep.java
:67)
	at org.gradle.internal.ex
ecution.steps.RemovePrevio
usOutputsStep.execute(Remo
vePreviousOutputsStep.java
:37)
	at org.gradle.internal.ex
ecution.steps.BroadcastCha
ngingOutputsStep.execute(B
roadcastChangingOutputsSte
p.java:61)
	at org.gradle.internal.ex
ecution.steps.BroadcastCha
ngingOutputsStep.execute(B
roadcastChangingOutputsSte
p.java:26)
	at org.gradle.internal.ex
ecution.steps.CaptureOutpu
tsAfterExecutionStep.execu
te(CaptureOutputsAfterExec
utionStep.java:69)
	at org.gradle.internal.ex
ecution.steps.CaptureOutpu
tsAfterExecutionStep.execu
te(CaptureOutputsAfterExec
utionStep.java:46)
	at org.gradle.internal.ex
ecution.steps.ResolveInput
ChangesStep.execute(Resolv
eInputChangesStep.java:40)
	at org.gradle.internal.ex
ecution.steps.ResolveInput
ChangesStep.execute(Resolv
eInputChangesStep.java:29)
	at org.gradle.internal.ex
ecution.steps.BuildCacheSt
ep.executeWithoutCache(Bui
ldCacheStep.java:189)
	at org.gradle.internal.ex
ecution.steps.BuildCacheSt
ep.lambda$execute$1(BuildC
acheStep.java:75)
	at org.gradle.internal.Ei
ther$Right.fold(Either.jav
a:175)
	at org.gradle.internal.ex
ecution.caching.CachingSta
te.fold(CachingState.java:
62)
	at org.gradle.internal.ex
ecution.steps.BuildCacheSt
ep.execute(BuildCacheStep.
java:73)
	at org.gradle.internal.ex
ecution.steps.BuildCacheSt
ep.execute(BuildCacheStep.
java:48)
	at org.gradle.internal.ex
ecution.steps.StoreExecuti
onStateStep.execute(StoreE
xecutionStateStep.java:46)
	at org.gradle.internal.ex
ecution.steps.StoreExecuti
onStateStep.execute(StoreE
xecutionStateStep.java:35)
	at org.gradle.internal.ex
ecution.steps.SkipUpToDate
Step.executeBecause(SkipUp
ToDateStep.java:75)
	at org.gradle.internal.ex
ecution.steps.SkipUpToDate
Step.lambda$execute$2(Skip
UpToDateStep.java:53)
	at org.gradle.internal.ex
ecution.steps.SkipUpToDate
Step.execute(SkipUpToDateS
tep.java:53)
	at org.gradle.internal.ex
ecution.steps.SkipUpToDate
Step.execute(SkipUpToDateS
tep.java:35)
	at org.gradle.internal.ex
ecution.steps.legacy.MarkS
napshottingInputsFinishedS
tep.execute(MarkSnapshotti
ngInputsFinishedStep.java:
37)
	at org.gradle.internal.ex
ecution.steps.legacy.MarkS
napshottingInputsFinishedS
tep.execute(MarkSnapshotti
ngInputsFinishedStep.java:
27)
	at org.gradle.internal.ex
ecution.steps.ResolveIncre
mentalCachingStateStep.exe
cuteDelegate(ResolveIncrem
entalCachingStateStep.java
:49)
	at org.gradle.internal.ex
ecution.steps.ResolveIncre
mentalCachingStateStep.exe
cuteDelegate(ResolveIncrem
entalCachingStateStep.java
:27)
	at org.gradle.internal.ex
ecution.steps.AbstractReso
lveCachingStateStep.execut
e(AbstractResolveCachingSt
ateStep.java:71)
	at org.gradle.internal.ex
ecution.steps.AbstractReso
lveCachingStateStep.execut
e(AbstractResolveCachingSt
ateStep.java:39)
	at org.gradle.internal.ex
ecution.steps.ResolveChang
esStep.execute(ResolveChan
gesStep.java:65)
	at org.gradle.internal.ex
ecution.steps.ResolveChang
esStep.execute(ResolveChan
gesStep.java:36)
	at org.gradle.internal.ex
ecution.steps.ValidateStep
.execute(ValidateStep.java
:107)
	at org.gradle.internal.ex
ecution.steps.ValidateStep
.execute(ValidateStep.java
:56)
	at org.gradle.internal.ex
ecution.steps.AbstractCapt
ureStateBeforeExecutionSte
p.execute(AbstractCaptureS
tateBeforeExecutionStep.ja
va:64)
	at org.gradle.internal.ex
ecution.steps.AbstractCapt
ureStateBeforeExecutionSte
p.execute(AbstractCaptureS
tateBeforeExecutionStep.ja
va:43)
	at org.gradle.internal.ex
ecution.steps.AbstractSkip
EmptyWorkStep.executeWithN
onEmptySources(AbstractSki
pEmptyWorkStep.java:125)
	at org.gradle.internal.ex
ecution.steps.AbstractSkip
EmptyWorkStep.execute(Abst
ractSkipEmptyWorkStep.java
:61)
	at org.gradle.internal.ex
ecution.steps.AbstractSkip
EmptyWorkStep.execute(Abst
ractSkipEmptyWorkStep.java
:36)
	at org.gradle.internal.ex
ecution.steps.legacy.MarkS
napshottingInputsStartedSt
ep.execute(MarkSnapshottin
gInputsStartedStep.java:38
)
	at org.gradle.internal.ex
ecution.steps.LoadPrevious
ExecutionStateStep.execute
(LoadPreviousExecutionStat
eStep.java:36)
	at org.gradle.internal.ex
ecution.steps.LoadPrevious
ExecutionStateStep.execute
(LoadPreviousExecutionStat
eStep.java:23)
	at org.gradle.internal.ex
ecution.steps.HandleStaleO
utputsStep.execute(HandleS
taleOutputsStep.java:75)
	at org.gradle.internal.ex
ecution.steps.HandleStaleO
utputsStep.execute(HandleS
taleOutputsStep.java:41)
	at org.gradle.internal.ex
ecution.steps.AssignMutabl
eWorkspaceStep.lambda$exec
ute$0(AssignMutableWorkspa
ceStep.java:35)
	at org.gradle.api.interna
l.tasks.execution.TaskExec
ution$4.withWorkspace(Task
Execution.java:289)
	at org.gradle.internal.ex
ecution.steps.AssignMutabl
eWorkspaceStep.execute(Ass
ignMutableWorkspaceStep.ja
va:31)
	at org.gradle.internal.ex
ecution.steps.AssignMutabl
eWorkspaceStep.execute(Ass
ignMutableWorkspaceStep.ja
va:22)
	at org.gradle.internal.ex
ecution.steps.ChoosePipeli
neStep.execute(ChoosePipel
ineStep.java:40)
	at org.gradle.internal.ex
ecution.steps.ChoosePipeli
neStep.execute(ChoosePipel
ineStep.java:23)
	at org.gradle.internal.ex
ecution.steps.ExecuteWorkB
uildOperationFiringStep.la
mbda$execute$2(ExecuteWork
BuildOperationFiringStep.j
ava:67)
	at org.gradle.internal.ex
ecution.steps.ExecuteWorkB
uildOperationFiringStep.ex
ecute(ExecuteWorkBuildOper
ationFiringStep.java:67)
	at org.gradle.internal.ex
ecution.steps.ExecuteWorkB
uildOperationFiringStep.ex
ecute(ExecuteWorkBuildOper
ationFiringStep.java:39)
	at org.gradle.internal.ex
ecution.steps.IdentityCach
eStep.execute(IdentityCach
eStep.java:46)
	at org.gradle.internal.ex
ecution.steps.IdentityCach
eStep.execute(IdentityCach
eStep.java:34)
	at org.gradle.internal.ex
ecution.steps.IdentifyStep
.execute(IdentifyStep.java
:48)
	at org.gradle.internal.ex
ecution.steps.IdentifyStep
.execute(IdentifyStep.java
:35)
	at org.gradle.internal.ex
ecution.impl.DefaultExecut
ionEngine$1.execute(Defaul
tExecutionEngine.java:61)
	at org.gradle.api.interna
l.tasks.execution.ExecuteA
ctionsTaskExecuter.execute
IfValid(ExecuteActionsTask
Executer.java:127)
	at org.gradle.api.interna
l.tasks.execution.ExecuteA
ctionsTaskExecuter.execute
(ExecuteActionsTaskExecute
r.java:116)
	at org.gradle.api.interna
l.tasks.execution.Problems
TaskPathTrackingTaskExecut
er.execute(ProblemsTaskPat
hTrackingTaskExecuter.java
:40)
	at org.gradle.api.interna
l.tasks.execution.Finalize
PropertiesTaskExecuter.exe
cute(FinalizePropertiesTas
kExecuter.java:46)
	at org.gradle.api.interna
l.tasks.execution.ResolveT
askExecutionModeExecuter.e
xecute(ResolveTaskExecutio
nModeExecuter.java:51)
	at org.gradle.api.interna
l.tasks.execution.SkipTask
WithNoActionsExecuter.exec
ute(SkipTaskWithNoActionsE
xecuter.java:57)
	at org.gradle.api.interna
l.tasks.execution.SkipOnly
IfTaskExecuter.execute(Ski
pOnlyIfTaskExecuter.java:7
4)
	at org.gradle.api.interna
l.tasks.execution.CatchExc
eptionTaskExecuter.execute
(CatchExceptionTaskExecute
r.java:36)
	at org.gradle.api.interna
l.tasks.execution.EventFir
ingTaskExecuter$1.executeT
ask(EventFiringTaskExecute
r.java:77)
	at org.gradle.api.interna
l.tasks.execution.EventFir
ingTaskExecuter$1.call(Eve
ntFiringTaskExecuter.java:
55)
	at org.gradle.api.interna
l.tasks.execution.EventFir
ingTaskExecuter$1.call(Eve
ntFiringTaskExecuter.java:
52)
	at org.gradle.internal.op
erations.DefaultBuildOpera
tionRunner$CallableBuildOp
erationWorker.execute(Defa
ultBuildOperationRunner.ja
va:210)
	at org.gradle.internal.op
erations.DefaultBuildOpera
tionRunner$CallableBuildOp
erationWorker.execute(Defa
ultBuildOperationRunner.ja
va:205)
	at org.gradle.internal.op
erations.DefaultBuildOpera
tionRunner$2.execute(Defau
ltBuildOperationRunner.jav
a:67)
	at org.gradle.internal.op
erations.DefaultBuildOpera
tionRunner$2.execute(Defau
ltBuildOperationRunner.jav
a:60)
	at org.gradle.internal.op
erations.DefaultBuildOpera
tionRunner.execute(Default
BuildOperationRunner.java:
167)
	at org.gradle.internal.op
erations.DefaultBuildOpera
tionRunner.execute(Default
BuildOperationRunner.java:
60)
	at org.gradle.internal.op
erations.DefaultBuildOpera
tionRunner.call(DefaultBui
ldOperationRunner.java:54)
	at org.gradle.api.interna
l.tasks.execution.EventFir
ingTaskExecuter.execute(Ev
entFiringTaskExecuter.java
:52)
	at org.gradle.execution.p
lan.LocalTaskNodeExecutor.
execute(LocalTaskNodeExecu
tor.java:42)
	at org.gradle.execution.t
askgraph.DefaultTaskExecut
ionGraph$InvokeNodeExecuto
rsAction.execute(DefaultTa
skExecutionGraph.java:331)
	at org.gradle.execution.t
askgraph.DefaultTaskExecut
ionGraph$InvokeNodeExecuto
rsAction.execute(DefaultTa
skExecutionGraph.java:318)
	at org.gradle.execution.t
askgraph.DefaultTaskExecut
ionGraph$BuildOperationAwa
reExecutionAction.lambda$e
xecute$0(DefaultTaskExecut
ionGraph.java:314)
	at org.gradle.internal.op
erations.CurrentBuildOpera
tionRef.with(CurrentBuildO
perationRef.java:85)
	at org.gradle.execution.t
askgraph.DefaultTaskExecut
ionGraph$BuildOperationAwa
reExecutionAction.execute(
DefaultTaskExecutionGraph.
java:314)
	at org.gradle.execution.t
askgraph.DefaultTaskExecut
ionGraph$BuildOperationAwa
reExecutionAction.execute(
DefaultTaskExecutionGraph.
java:303)
	at org.gradle.execution.p
lan.DefaultPlanExecutor$Ex
ecutorWorker.execute(Defau
ltPlanExecutor.java:459)
	at org.gradle.execution.p
lan.DefaultPlanExecutor$Ex
ecutorWorker.run(DefaultPl
anExecutor.java:376)
	at org.gradle.execution.p
lan.DefaultPlanExecutor.pr
ocess(DefaultPlanExecutor.
java:111)
	at org.gradle.execution.t
askgraph.DefaultTaskExecut
ionGraph.executeWithServic
es(DefaultTaskExecutionGra
ph.java:138)
	at org.gradle.execution.t
askgraph.DefaultTaskExecut
ionGraph.execute(DefaultTa
skExecutionGraph.java:123)
	at org.gradle.execution.S
electedTaskExecutionAction
.execute(SelectedTaskExecu
tionAction.java:35)
	at org.gradle.execution.D
ryRunBuildExecutionAction.
execute(DryRunBuildExecuti
onAction.java:51)
	at org.gradle.execution.B
uildOperationFiringBuildWo
rkerExecutor$ExecuteTasks.
call(BuildOperationFiringB
uildWorkerExecutor.java:54
)
	at org.gradle.execution.B
uildOperationFiringBuildWo
rkerExecutor$ExecuteTasks.
call(BuildOperationFiringB
uildWorkerExecutor.java:43
)
	at org.gradle.internal.op
erations.DefaultBuildOpera
tionRunner$CallableBuildOp
erationWorker.execute(Defa
ultBuildOperationRunner.ja
va:210)
	at org.gradle.internal.op
erations.DefaultBuildOpera
tionRunner$CallableBuildOp
erationWorker.execute(Defa
ultBuildOperationRunner.ja
va:205)
	at org.gradle.internal.op
erations.DefaultBuildOpera
tionRunner$2.execute(Defau
ltBuildOperationRunner.jav
a:67)
	at org.gradle.internal.op
erations.DefaultBuildOpera
tionRunner$2.execute(Defau
ltBuildOperationRunner.jav
a:60)
	at org.gradle.internal.op
erations.DefaultBuildOpera
tionRunner.execute(Default
BuildOperationRunner.java:
167)
	at org.gradle.internal.op
erations.DefaultBuildOpera
tionRunner.execute(Default
BuildOperationRunner.java:
60)
	at org.gradle.internal.op
erations.DefaultBuildOpera
tionRunner.call(DefaultBui
ldOperationRunner.java:54)
	at org.gradle.execution.B
uildOperationFiringBuildWo
rkerExecutor.execute(Build
OperationFiringBuildWorker
Executor.java:40)
	at org.gradle.internal.bu
ild.DefaultBuildLifecycleC
ontroller.lambda$executeTa
sks$10(DefaultBuildLifecyc
leController.java:313)
	at org.gradle.internal.mo
del.StateTransitionControl
ler.doTransition(StateTran
sitionController.java:266)
	at org.gradle.internal.mo
del.StateTransitionControl
ler.lambda$tryTransition$8
(StateTransitionController
.java:177)
	at org.gradle.internal.wo
rk.DefaultSynchronizer.wit
hLock(DefaultSynchronizer.
java:46)
	at org.gradle.internal.mo
del.StateTransitionControl
ler.tryTransition(StateTra
nsitionController.java:177
)
	at org.gradle.internal.bu
ild.DefaultBuildLifecycleC
ontroller.executeTasks(Def
aultBuildLifecycleControll
er.java:304)
	at org.gradle.internal.bu
ild.DefaultBuildWorkGraphC
ontroller$DefaultBuildWork
Graph.runWork(DefaultBuild
WorkGraphController.java:2
20)
	at org.gradle.internal.wo
rk.DefaultWorkerLeaseServi
ce.withLocks(DefaultWorker
LeaseService.java:263)
	at org.gradle.internal.wo
rk.DefaultWorkerLeaseServi
ce.runAsWorkerThread(Defau
ltWorkerLeaseService.java:
127)
	at org.gradle.composite.i
nternal.DefaultBuildContro
ller.doRun(DefaultBuildCon
troller.java:181)
	at org.gradle.composite.i
nternal.DefaultBuildContro
ller.access$000(DefaultBui
ldController.java:50)
	at org.gradle.composite.i
nternal.DefaultBuildContro
ller$BuildOpRunnable.lambd
a$run$0(DefaultBuildContro
ller.java:198)
	at org.gradle.internal.op
erations.CurrentBuildOpera
tionRef.with(CurrentBuildO
perationRef.java:85)
33 actionable tasks: 1 executed, 32 up-to-date
Watched directory hierarchies: [D:\Money_Saving]
	at org.gradle.composite.i
nternal.DefaultBuildContro
ller$BuildOpRunnable.run(D
efaultBuildController.java
:198)
	at org.gradle.internal.co
ncurrent.ExecutorPolicy$Ca
tchAndRecordFailures.onExe
cute(ExecutorPolicy.java:6
4)
	at org.gradle.internal.co
ncurrent.AbstractManagedEx
ecutor$1.run(AbstractManag
edExecutor.java:48)
Caused by: org.jetbrains.k
otlin.gradle.tasks.Compila
tionErrorException: 
Compilation error. See 
log for more details
	at org.jetbrains.kotlin.g
radle.tasks.TasksUtilsKt.t
hrowExceptionIfCompilation
Failed(tasksUtils.kt:21)
	at org.jetbrains.kotlin.c
ompilerRunner.GradleKotlin
CompilerWork.run(GradleKot
linCompilerWork.kt:119)
	at org.jetbrains.kotlin.c
ompilerRunner.GradleCompil
erRunnerWithWorkers$Gradle
KotlinCompilerWorkAction.e
xecute(GradleCompilerRunne
rWithWorkers.kt:76)
	at org.gradle.workers.int
ernal.DefaultWorkerServer.
execute(DefaultWorkerServe
r.java:63)
	at org.gradle.workers.int
ernal.NoIsolationWorkerFac
tory$1$1.create(NoIsolatio
nWorkerFactory.java:66)
	at org.gradle.workers.int
ernal.NoIsolationWorkerFac
tory$1$1.create(NoIsolatio
nWorkerFactory.java:62)
	at org.gradle.internal.cl
assloader.ClassLoaderUtils
.executeInClassloader(Clas
sLoaderUtils.java:100)
	at org.gradle.workers.int
ernal.NoIsolationWorkerFac
tory$1.lambda$execute$0(No
IsolationWorkerFactory.jav
a:62)
	at org.gradle.workers.int
ernal.AbstractWorker$1.cal
l(AbstractWorker.java:44)
	at org.gradle.workers.int
ernal.AbstractWorker$1.cal
l(AbstractWorker.java:41)
	at org.gradle.internal.op
erations.DefaultBuildOpera
tionRunner$CallableBuildOp
erationWorker.execute(Defa
ultBuildOperationRunner.ja
va:210)
	at org.gradle.internal.op
erations.DefaultBuildOpera
tionRunner$CallableBuildOp
erationWorker.execute(Defa
ultBuildOperationRunner.ja
va:205)
	at org.gradle.internal.op
erations.DefaultBuildOpera
tionRunner$2.execute(Defau
ltBuildOperationRunner.jav
a:67)
	at org.gradle.internal.op
erations.DefaultBuildOpera
tionRunner$2.execute(Defau
ltBuildOperationRunner.jav
a:60)
	at org.gradle.internal.op
erations.DefaultBuildOpera
tionRunner.execute(Default
BuildOperationRunner.java:
167)
	at org.gradle.internal.op
erations.DefaultBuildOpera
tionRunner.execute(Default
BuildOperationRunner.java:
60)
	at org.gradle.internal.op
erations.DefaultBuildOpera
tionRunner.call(DefaultBui
ldOperationRunner.java:54)
	at org.gradle.workers.int
ernal.AbstractWorker.execu
teWrappedInBuildOperation(
AbstractWorker.java:41)
	at org.gradle.workers.int
ernal.NoIsolationWorkerFac
tory$1.execute(NoIsolation
WorkerFactory.java:59)
	at org.gradle.workers.int
ernal.DefaultWorkerExecuto
r.lambda$submitWork$0(Defa
ultWorkerExecutor.java:174
)
	at org.gradle.internal.wo
rk.DefaultConditionalExecu
tionQueue$ExecutionRunner.
runExecution(DefaultCondit
ionalExecutionQueue.java:1
94)
	at org.gradle.internal.wo
rk.DefaultConditionalExecu
tionQueue$ExecutionRunner.
access$700(DefaultConditio
nalExecutionQueue.java:127
)
	at org.gradle.internal.wo
rk.DefaultConditionalExecu
tionQueue$ExecutionRunner$
1.run(DefaultConditionalEx
ecutionQueue.java:169)
	at org.gradle.internal.Fa
ctories$1.create(Factories
.java:31)
	at org.gradle.internal.wo
rk.DefaultWorkerLeaseServi
ce.withLocks(DefaultWorker
LeaseService.java:263)
	at org.gradle.internal.wo
rk.DefaultWorkerLeaseServi
ce.runAsWorkerThread(Defau
ltWorkerLeaseService.java:
127)
	at org.gradle.internal.wo
rk.DefaultWorkerLeaseServi
ce.runAsWorkerThread(Defau
ltWorkerLeaseService.java:
132)
	at org.gradle.internal.wo
rk.DefaultConditionalExecu
tionQueue$ExecutionRunner.
runBatch(DefaultConditiona
lExecutionQueue.java:164)
	at org.gradle.internal.wo
rk.DefaultConditionalExecu
tionQueue$ExecutionRunner.
run(DefaultConditionalExec
utionQueue.java:133)
	... 2 more


BUILD FAILED in 19s
